// Jest Snapshot v1, https://goo.gl/fbAQLP

exports[`Navigator component tests Should render Navigator component 1`] = `
<RNCSafeAreaProvider
  onInsetsChange={[Function]}
  style={
    Array [
      Object {
        "flex": 1,
      },
      undefined,
    ]
  }
>
  <RNSScreenStack
    style={
      Object {
        "flex": 1,
      }
    }
  >
    <RNSScreen
      collapsable={false}
      forwardedRef={[Function]}
      onAppear={[Function]}
      onDisappear={[Function]}
      onDismissed={[Function]}
      onTransitionProgress={[Function]}
      onWillDisappear={[Function]}
      replaceAnimation="push"
      stackPresentation="push"
      style={
        Object {
          "bottom": 0,
          "left": 0,
          "position": "absolute",
          "right": 0,
          "top": 0,
        }
      }
    >
      <RNSScreenStackHeaderConfig
        backButtonInCustomView={false}
        backgroundColor="#f4511e"
        color="#fff"
        direction="ltr"
        disableBackButtonMenu={false}
        hidden={false}
        hideBackButton={false}
        largeTitleHideShadow={false}
        title="Your wallet"
        titleColor="#fff"
        titleFontWeight="bold"
        topInsetEnabled={false}
        translucent={false}
      />
      <View
        style={
          Array [
            Object {
              "flex": 1,
            },
            Object {
              "backgroundColor": "rgb(242, 242, 242)",
            },
            undefined,
          ]
        }
      >
        <RCTSafeAreaView
          emulateUnlessSupported={true}
          style={
            Object {
              "flex": 1,
            }
          }
          testID="layout"
        >
          <RCTScrollView
            accessible={false}
            contentContainerStyle={
              Object {
                "flex": 1,
                "padding": 20,
              }
            }
            focusable={true}
            onClick={[Function]}
            onResponderGrant={[Function]}
            onResponderMove={[Function]}
            onResponderRelease={[Function]}
            onResponderTerminate={[Function]}
            onResponderTerminationRequest={[Function]}
            onStartShouldSetResponder={[Function]}
            refreshControl={
              <RefreshControlMock
                onRefresh={[Function]}
                refreshing={false}
              />
            }
          >
            <RCTRefreshControl />
            <View>
              <View
                style={
                  Object {
                    "flex": 1,
                  }
                }
                testID="walletScreen"
              >
                <View
                  accessibilityRole="progressbar"
                  accessibilityState={
                    Object {
                      "busy": true,
                    }
                  }
                  accessible={true}
                  style={
                    Array [
                      Object {
                        "alignItems": "center",
                        "justifyContent": "center",
                      },
                      undefined,
                    ]
                  }
                  testID="spinner"
                >
                  <View
                    collapsable={false}
                    style={
                      Object {
                        "height": 48,
                        "opacity": 1,
                        "width": 48,
                      }
                    }
                  >
                    <View
                      collapsable={false}
                      style={
                        Object {
                          "alignItems": "center",
                          "bottom": 0,
                          "justifyContent": "center",
                          "left": 0,
                          "position": "absolute",
                          "right": 0,
                          "top": 0,
                        }
                      }
                    >
                      <View
                        collapsable={false}
                        style={
                          Object {
                            "height": 48,
                            "transform": Array [
                              Object {
                                "rotate": "45deg",
                              },
                            ],
                            "width": 48,
                          }
                        }
                      >
                        <View
                          collapsable={false}
                          style={
                            Object {
                              "height": 24,
                              "overflow": "hidden",
                              "width": 48,
                            }
                          }
                        >
                          <View
                            collapsable={false}
                            style={
                              Object {
                                "height": 48,
                                "transform": Array [
                                  Object {
                                    "translateY": 0,
                                  },
                                  Object {
                                    "rotate": "-165deg",
                                  },
                                ],
                                "width": 48,
                              }
                            }
                          >
                            <View
                              collapsable={false}
                              style={
                                Object {
                                  "height": 24,
                                  "overflow": "hidden",
                                  "width": 48,
                                }
                              }
                            >
                              <View
                                collapsable={false}
                                style={
                                  Object {
                                    "borderColor": "#f4511e",
                                    "borderRadius": 24,
                                    "borderWidth": 4.8,
                                    "height": 48,
                                    "width": 48,
                                  }
                                }
                              />
                            </View>
                          </View>
                        </View>
                      </View>
                    </View>
                    <View
                      collapsable={false}
                      style={
                        Object {
                          "alignItems": "center",
                          "bottom": 0,
                          "justifyContent": "center",
                          "left": 0,
                          "position": "absolute",
                          "right": 0,
                          "top": 0,
                        }
                      }
                    >
                      <View
                        collapsable={false}
                        style={
                          Object {
                            "height": 48,
                            "transform": Array [
                              Object {
                                "rotate": "45deg",
                              },
                            ],
                            "width": 48,
                          }
                        }
                      >
                        <View
                          collapsable={false}
                          style={
                            Object {
                              "height": 24,
                              "overflow": "hidden",
                              "top": 24,
                              "width": 48,
                            }
                          }
                        >
                          <View
                            collapsable={false}
                            style={
                              Object {
                                "height": 48,
                                "transform": Array [
                                  Object {
                                    "translateY": -24,
                                  },
                                  Object {
                                    "rotate": "345deg",
                                  },
                                ],
                                "width": 48,
                              }
                            }
                          >
                            <View
                              collapsable={false}
                              style={
                                Object {
                                  "height": 24,
                                  "overflow": "hidden",
                                  "width": 48,
                                }
                              }
                            >
                              <View
                                collapsable={false}
                                style={
                                  Object {
                                    "borderColor": "#f4511e",
                                    "borderRadius": 24,
                                    "borderWidth": 4.8,
                                    "height": 48,
                                    "width": 48,
                                  }
                                }
                              />
                            </View>
                          </View>
                        </View>
                      </View>
                    </View>
                  </View>
                </View>
              </View>
            </View>
          </RCTScrollView>
        </RCTSafeAreaView>
      </View>
    </RNSScreen>
  </RNSScreenStack>
</RNCSafeAreaProvider>
`;
